// Jest Snapshot v1, https://goo.gl/fbAQLP

exports[`Typography Title xlarge matches snapshot 1`] = `
<Text
  accessibilityRole="header"
  style={
    [
      {
        "color": "black",
      },
      {
        "textDecorationLine": "none",
      },
      {
        "fontFamily": "Montserrat-Bold",
        "fontSize": 40,
        "lineHeight": 48,
      },
    ]
  }
>
  hello
</Text>
`;
